/tmp/aim-haproxy-config/router/certs/be_secure:docker-nginx-1-reencrypt.pem [alpn h2,http/1.1] docker-nginx-1-reencrypt.int.frobware.com
/tmp/aim-haproxy-config/router/certs/be_secure:docker-nginx-2-reencrypt.pem [alpn h2,http/1.1] docker-nginx-2-reencrypt.int.frobware.com
/tmp/aim-haproxy-config/router/certs/be_secure:docker-nginx-3-reencrypt.pem [alpn h2,http/1.1] docker-nginx-3-reencrypt.int.frobware.com
/tmp/aim-haproxy-config/router/certs/be_secure:docker-nginx-4-reencrypt.pem [alpn h2,http/1.1] docker-nginx-4-reencrypt.int.frobware.com
/tmp/aim-haproxy-config/router/certs/be_secure:docker-nginx-5-reencrypt.pem [alpn h2,http/1.1] docker-nginx-5-reencrypt.int.frobware.com
/tmp/aim-haproxy-config/router/certs/be_secure:docker-nginx-6-reencrypt.pem [alpn h2,http/1.1] docker-nginx-6-reencrypt.int.frobware.com
/tmp/aim-haproxy-config/router/certs/be_secure:docker-nginx-7-reencrypt.pem [alpn h2,http/1.1] docker-nginx-7-reencrypt.int.frobware.com
/tmp/aim-haproxy-config/router/certs/be_secure:docker-nginx-8-reencrypt.pem [alpn h2,http/1.1] docker-nginx-8-reencrypt.int.frobware.com
/tmp/aim-haproxy-config/router/certs/be_secure:docker-nginx-9-reencrypt.pem [alpn h2,http/1.1] docker-nginx-9-reencrypt.int.frobware.com
/tmp/aim-haproxy-config/router/certs/be_secure:docker-nginx-10-reencrypt.pem [alpn h2,http/1.1] docker-nginx-10-reencrypt.int.frobware.com
