^docker-nginx-1-edge.int.frobware.com\.?(:[0-9]+)?(/.*)?$ be_edge_http:docker-nginx-1-edge
^docker-nginx-1-reencrypt.int.frobware.com\.?(:[0-9]+)?(/.*)?$ be_secure:docker-nginx-1-reencrypt
^docker-nginx-2-edge.int.frobware.com\.?(:[0-9]+)?(/.*)?$ be_edge_http:docker-nginx-2-edge
^docker-nginx-2-reencrypt.int.frobware.com\.?(:[0-9]+)?(/.*)?$ be_secure:docker-nginx-2-reencrypt
^docker-nginx-3-edge.int.frobware.com\.?(:[0-9]+)?(/.*)?$ be_edge_http:docker-nginx-3-edge
^docker-nginx-3-reencrypt.int.frobware.com\.?(:[0-9]+)?(/.*)?$ be_secure:docker-nginx-3-reencrypt
^docker-nginx-4-edge.int.frobware.com\.?(:[0-9]+)?(/.*)?$ be_edge_http:docker-nginx-4-edge
^docker-nginx-4-reencrypt.int.frobware.com\.?(:[0-9]+)?(/.*)?$ be_secure:docker-nginx-4-reencrypt
^docker-nginx-5-edge.int.frobware.com\.?(:[0-9]+)?(/.*)?$ be_edge_http:docker-nginx-5-edge
^docker-nginx-5-reencrypt.int.frobware.com\.?(:[0-9]+)?(/.*)?$ be_secure:docker-nginx-5-reencrypt
^docker-nginx-6-edge.int.frobware.com\.?(:[0-9]+)?(/.*)?$ be_edge_http:docker-nginx-6-edge
^docker-nginx-6-reencrypt.int.frobware.com\.?(:[0-9]+)?(/.*)?$ be_secure:docker-nginx-6-reencrypt
^docker-nginx-7-edge.int.frobware.com\.?(:[0-9]+)?(/.*)?$ be_edge_http:docker-nginx-7-edge
^docker-nginx-7-reencrypt.int.frobware.com\.?(:[0-9]+)?(/.*)?$ be_secure:docker-nginx-7-reencrypt
^docker-nginx-8-edge.int.frobware.com\.?(:[0-9]+)?(/.*)?$ be_edge_http:docker-nginx-8-edge
^docker-nginx-8-reencrypt.int.frobware.com\.?(:[0-9]+)?(/.*)?$ be_secure:docker-nginx-8-reencrypt
^docker-nginx-9-edge.int.frobware.com\.?(:[0-9]+)?(/.*)?$ be_edge_http:docker-nginx-9-edge
^docker-nginx-9-reencrypt.int.frobware.com\.?(:[0-9]+)?(/.*)?$ be_secure:docker-nginx-9-reencrypt
^docker-nginx-10-edge.int.frobware.com\.?(:[0-9]+)?(/.*)?$ be_edge_http:docker-nginx-10-edge
^docker-nginx-10-reencrypt.int.frobware.com\.?(:[0-9]+)?(/.*)?$ be_secure:docker-nginx-10-reencrypt
