docker-nginx-1-passthrough.int.frobware.com\.?(:[0-9]+)?(/.*)?$ be_tcp:docker-nginx-1-passthrough
docker-nginx-1-reencrypt.int.frobware.com\.?(:[0-9]+)?(/.*)?$ be_secure:docker-nginx-1-reencrypt
docker-nginx-2-passthrough.int.frobware.com\.?(:[0-9]+)?(/.*)?$ be_tcp:docker-nginx-2-passthrough
docker-nginx-2-reencrypt.int.frobware.com\.?(:[0-9]+)?(/.*)?$ be_secure:docker-nginx-2-reencrypt
docker-nginx-3-passthrough.int.frobware.com\.?(:[0-9]+)?(/.*)?$ be_tcp:docker-nginx-3-passthrough
docker-nginx-3-reencrypt.int.frobware.com\.?(:[0-9]+)?(/.*)?$ be_secure:docker-nginx-3-reencrypt
docker-nginx-4-passthrough.int.frobware.com\.?(:[0-9]+)?(/.*)?$ be_tcp:docker-nginx-4-passthrough
docker-nginx-4-reencrypt.int.frobware.com\.?(:[0-9]+)?(/.*)?$ be_secure:docker-nginx-4-reencrypt
docker-nginx-5-passthrough.int.frobware.com\.?(:[0-9]+)?(/.*)?$ be_tcp:docker-nginx-5-passthrough
docker-nginx-5-reencrypt.int.frobware.com\.?(:[0-9]+)?(/.*)?$ be_secure:docker-nginx-5-reencrypt
docker-nginx-6-passthrough.int.frobware.com\.?(:[0-9]+)?(/.*)?$ be_tcp:docker-nginx-6-passthrough
docker-nginx-6-reencrypt.int.frobware.com\.?(:[0-9]+)?(/.*)?$ be_secure:docker-nginx-6-reencrypt
docker-nginx-7-passthrough.int.frobware.com\.?(:[0-9]+)?(/.*)?$ be_tcp:docker-nginx-7-passthrough
docker-nginx-7-reencrypt.int.frobware.com\.?(:[0-9]+)?(/.*)?$ be_secure:docker-nginx-7-reencrypt
docker-nginx-8-passthrough.int.frobware.com\.?(:[0-9]+)?(/.*)?$ be_tcp:docker-nginx-8-passthrough
docker-nginx-8-reencrypt.int.frobware.com\.?(:[0-9]+)?(/.*)?$ be_secure:docker-nginx-8-reencrypt
docker-nginx-9-passthrough.int.frobware.com\.?(:[0-9]+)?(/.*)?$ be_tcp:docker-nginx-9-passthrough
docker-nginx-9-reencrypt.int.frobware.com\.?(:[0-9]+)?(/.*)?$ be_secure:docker-nginx-9-reencrypt
docker-nginx-10-passthrough.int.frobware.com\.?(:[0-9]+)?(/.*)?$ be_tcp:docker-nginx-10-passthrough
docker-nginx-10-reencrypt.int.frobware.com\.?(:[0-9]+)?(/.*)?$ be_secure:docker-nginx-10-reencrypt
